// Jest Snapshot v1, https://goo.gl/fbAQLP

exports[`Chat Tests renders correctly 1`] = `
<div
  className="Chat"
>
  <h1
    className="chat-heading"
  >
    Welcome!
  </h1>
  <h3>
    You are not connected to the chat
  </h3>
  <select
    onChange={[Function]}
  >
    <option>
       -- Select Language -- 
    </option>
    <option
      value="English"
    >
      English
    </option>
    <option
      value="Espanol"
    >
      Espanol
    </option>
    <option
      value="日本語"
    >
      日本語
    </option>
    <option
      value="한국어"
    >
      한국어
    </option>
  </select>
  <div
    className="chat-section"
  >
    <button
      className="chat-button"
      onClick={[Function]}
    >
      Send Message
    </button>
    <input
      className="chat-input"
      onChange={[Function]}
      onKeyUp={[Function]}
      type="text"
      value=""
    />
  </div>
  <p
    className="chat-output"
  />
</div>
`;
