// Jest Snapshot v1, https://goo.gl/fbAQLP

exports[`Snapshot Test renders correctly, Snapshot 1`] = `
<select>
  <option>
     -- Select Language -- 
  </option>
  <option
    value="English"
  >
    English
  </option>
  <option
    value="Espanol"
  >
    Espanol
  </option>
</select>
`;
