// Jest Snapshot v1, https://goo.gl/fbAQLP

exports[`Snapshot Test renders correctly logged in, Snapshot 1`] = `
<div>
  Test
</div>
`;
